// Jest Snapshot v1, https://goo.gl/fbAQLP

exports[`given an \`Login\` component when it is rendered should match snapshot 1`] = `
<div
  class="Layoutstyles__Layout-sc-8y4jny-0 cDaGbz"
>
  <div
    class="Layoutstyles__Wrapper-sc-8y4jny-1 cwLOSA"
  >
    <div
      class="InputTextcomponents__InputTextWrapper-sc-11nm3a5-0 ehojjc"
    >
      <input
        class="InputTextcomponents__Input-sc-11nm3a5-1 lhFXMG"
        data-testid="username"
        placeholder="Username"
        value=""
      />
    </div>
    <div
      class="InputTextcomponents__InputTextWrapper-sc-11nm3a5-0 ehojjc"
    >
      <input
        class="InputTextcomponents__Input-sc-11nm3a5-1 lhFXMG"
        data-testid="password"
        placeholder="Password"
        type="password"
        value=""
      />
    </div>
    <button
      class="Buttonstyles__ButtonWrapper-sc-11g5hpj-0 gvIbjm"
      data-testid="submit"
      type="button"
    >
      Submit
    </button>
  </div>
  <div />
</div>
`;
