// Jest Snapshot v1, https://goo.gl/fbAQLP

exports[`given an \`Login\` component when it is rendered should match snapshot 1`] = `
<div
  class="Layoutstyles__Layout-sc-1ev6531-0 iHQFfY"
>
  <div
    class="Layoutstyles__Wrapper-sc-1ev6531-1 fcaCQz"
  >
    <div
      class="InputTextcomponents__InputTextWrapper-sc-1h6abf-0 kaoWTK"
    >
      <input
        class="InputTextcomponents__Input-sc-1h6abf-1 etRIWg"
        data-testid="username"
        placeholder="Username"
        value=""
      />
    </div>
    <div
      class="InputTextcomponents__InputTextWrapper-sc-1h6abf-0 kaoWTK"
    >
      <input
        class="InputTextcomponents__Input-sc-1h6abf-1 etRIWg"
        data-testid="password"
        placeholder="Password"
        type="password"
        value=""
      />
    </div>
    <button
      class="Buttonstyles__ButtonWrapper-sc-122i168-0 cYIjLd"
      data-testid="submit"
      type="button"
    >
      Submit
    </button>
  </div>
  <div />
</div>
`;
