// Jest Snapshot v1, https://goo.gl/fbAQLP

exports[`given an \`InputText\` component when it is rendered should match snapshot 1`] = `
<div
  class="InputTextcomponents__InputTextWrapper-sc-1h6abf-0 kaoWTK"
>
  <input
    class="InputTextcomponents__Input-sc-1h6abf-1 etRIWg"
    value=""
  />
</div>
`;
